 actor_id | first_name  |  last_name   | films | rnk 
----------+-------------+--------------+-------+-----
      107 | GINA        | DEGENERES    |    42 |   1
      102 | WALTER      | TORN         |    41 |   2
      198 | MARY        | KEITEL       |    40 |   3
      181 | MATTHEW     | CARREY       |    39 |   4
       23 | SANDRA      | KILMER       |    37 |   5
       81 | SCARLETT    | DAMON        |    36 |   6
       13 | UMA         | WOOD         |    35 |   7
       37 | VAL         | BOLGER       |    35 |   7
       60 | HENRY       | BERRY        |    35 |   7
      106 | GROUCHO     | DUNST        |    35 |   7
      144 | ANGELA      | WITHERSPOON  |    35 |   7
      158 | VIVIEN      | BASINGER     |    35 |   7
       65 | ANGELA      | HUDSON       |    34 |  13
       92 | KIRSTEN     | AKROYD       |    34 |  13
      105 | SIDNEY      | CROWE        |    34 |  13
      108 | WARREN      | NOLTE        |    34 |  13
      150 | JAYNE       | NOLTE        |    34 |  13
       26 | RIP         | CRAWFORD     |    33 |  18
       27 | JULIA       | MCQUEEN      |    33 |  18
       83 | BEN         | WILLIS       |    33 |  18
       90 | SEAN        | GUINESS      |    33 |  18
       94 | KENNETH     | TORN         |    33 |  18
      101 | SUSAN       | DAVIS        |    33 |  18
      111 | CAMERON     | ZELLWEGER    |    33 |  18
      117 | RENEE       | TRACY        |    33 |  18
      127 | KEVIN       | GARLAND      |    33 |  18
      139 | EWAN        | GOODING      |    33 |  18
      146 | ALBERT      | JOHANSSON    |    33 |  18
      187 | RENEE       | BALL         |    33 |  18
      197 | REESE       | WEST         |    33 |  18
       17 | HELEN       | VOIGHT       |    32 |  31
       45 | REESE       | KILMER       |    32 |  31
       50 | NATALIE     | HOPKINS      |    32 |  31
       58 | CHRISTIAN   | AKROYD       |    32 |  31
      119 | WARREN      | JACKMAN      |    32 |  31
      123 | JULIANNE    | DENCH        |    32 |  31
      136 | ED          | MANSFIELD    |    32 |  31
      140 | WHOOPI      | HURT         |    32 |  31
      157 | GRETA       | MALDEN       |    32 |  31
      161 | HARVEY      | HOPE         |    32 |  31
       12 | KARL        | BERRY        |    31 |  41
       28 | WOODY       | HOFFMAN      |    31 |  41
       66 | MARY        | TANDY        |    31 |  41
       76 | ANGELINA    | ASTAIRE      |    31 |  41
       82 | WOODY       | JOLIE        |    31 |  41
       84 | JAMES       | PITT         |    31 |  41
       85 | MINNIE      | ZELLWEGER    |    31 |  41
       95 | DARYL       | WAHLBERG     |    31 |  41
      104 | PENELOPE    | CRONYN       |    31 |  41
      125 | ALBERT      | NOLTE        |    31 |  41
      142 | JADA        | RYDER        |    31 |  41
      143 | RIVER       | DEAN         |    31 |  41
      147 | FAY         | WINSLET      |    31 |  41
      149 | RUSSELL     | TEMPLE       |    31 |  41
      155 | IAN         | TANDY        |    31 |  41
      168 | WILL        | WILSON       |    31 |  41
        7 | GRACE       | MOSTEL       |    30 |  57
       14 | VIVIEN      | BERGEN       |    30 |  57
       20 | LUCILLE     | TRACY        |    30 |  57
       44 | NICK        | STALLONE     |    30 |  57
       53 | MENA        | TEMPLE       |    30 |  57
       57 | JUDE        | CRUISE       |    30 |  57
       64 | RAY         | JOHANSSON    |    30 |  57
       68 | RIP         | WINSLET      |    30 |  57
      103 | MATTHEW     | LEIGH        |    30 |  57
      128 | CATE        | MCQUEEN      |    30 |  57
      129 | DARYL       | CRAWFORD     |    30 |  57
      133 | RICHARD     | PENN         |    30 |  57
      185 | MICHAEL     | BOLGER       |    30 |  57
      188 | ROCK        | DUKAKIS      |    30 |  57
      191 | GREGORY     | GOODING      |    30 |  57
      196 | BELA        | WALKEN       |    30 |  57
        5 | JOHNNY      | LOLLOBRIGIDA |    29 |  73
       29 | ALEC        | WAYNE        |    29 |  73
       36 | BURT        | DUKAKIS      |    29 |  73
       40 | JOHNNY      | CAGE         |    29 |  73
       41 | JODIE       | DEGENERES    |    29 |  73
       62 | JAYNE       | NEESON       |    29 |  73
      169 | KENNETH     | HOFFMAN      |    29 |  73
      176 | JON         | CHASE        |    29 |  73
      179 | ED          | GUINESS      |    29 |  73
      184 | HUMPHREY    | GARLAND      |    29 |  73
      192 | JOHN        | SUVARI       |    29 |  73
       15 | CUBA        | OLIVIER      |    28 |  84
       39 | GOLDIE      | BRODY        |    28 |  84
       56 | DAN         | HARRIS       |    28 |  84
       74 | MILLA       | KEITEL       |    28 |  84
       79 | MAE         | HOFFMAN      |    28 |  84
       80 | RALPH       | CRUZ         |    28 |  84
      115 | HARRISON    | BALE         |    28 |  84
      141 | CATE        | HARRIS       |    28 |  84
      145 | KIM         | ALLEN        |    28 |  84
      154 | MERYL       | GIBSON       |    28 |  84
      171 | OLYMPIA     | PFEIFFER     |    28 |  84
       16 | FRED        | COSTNER      |    27 |  95
       21 | KIRSTEN     | PALTROW      |    27 |  95
       42 | TOM         | MIRANDA      |    27 |  95
       49 | ANNE        | CRONYN       |    27 |  95
       59 | DUSTIN      | TAUTOU       |    27 |  95
       86 | GREG        | CHAPLIN      |    27 |  95
       97 | MEG         | HAWKE        |    27 |  95
       98 | CHRIS       | BRIDGES      |    27 |  95
      113 | MORGAN      | HOPKINS      |    27 |  95
      120 | PENELOPE    | MONROE       |    27 |  95
      130 | GRETA       | KEITEL       |    27 |  95
      137 | MORGAN      | WILLIAMS     |    27 |  95
      173 | ALAN        | DREYFUSS     |    27 |  95
      175 | WILLIAM     | HACKMAN      |    27 |  95
      177 | GENE        | MCKELLEN     |    27 |  95
      190 | AUDREY      | BAILEY       |    27 |  95
      195 | JAYNE       | SILVERSTONE  |    27 |  95
       22 | ELVIS       | MARX         |    26 | 112
       43 | KIRK        | JOVOVICH     |    26 | 112
       48 | FRANCES     | DAY-LEWIS    |    26 | 112
       52 | CARMEN      | HUNT         |    26 | 112
       72 | SEAN        | WILLIAMS     |    26 | 112
       73 | GARY        | PENN         |    26 | 112
       78 | GROUCHO     | SINATRA      |    26 | 112
       99 | JIM         | MOSTEL       |    26 | 112
      124 | SCARLETT    | BENING       |    26 | 112
      151 | GEOFFREY    | HESTON       |    26 | 112
      159 | LAURA       | BRODY        |    26 | 112
      164 | HUMPHREY    | WILLIS       |    26 | 112
      165 | AL          | GARLAND      |    26 | 112
      167 | LAURENCE    | BULLOCK      |    26 | 112
        2 | NICK        | WAHLBERG     |    25 | 126
        9 | JOE         | SWANK        |    25 | 126
       11 | ZERO        | CAGE         |    25 | 126
       19 | BOB         | FAWCETT      |    25 | 126
       34 | AUDREY      | OLIVIER      |    25 | 126
       38 | TOM         | MCKELLEN     |    25 | 126
       51 | GARY        | PHOENIX      |    25 | 126
       54 | PENELOPE    | PINKETT      |    25 | 126
       61 | CHRISTIAN   | NEESON       |    25 | 126
       93 | ELLEN       | PRESLEY      |    25 | 126
      112 | RUSSELL     | BACALL       |    25 | 126
      114 | MORGAN      | MCDORMAND    |    25 | 126
      118 | CUBA        | ALLEN        |    25 | 126
      121 | LIZA        | BERGMAN      |    25 | 126
      122 | SALMA       | NOLTE        |    25 | 126
      131 | JANE        | JACKMAN      |    25 | 126
      162 | OPRAH       | KILMER       |    25 | 126
      172 | GROUCHO     | WILLIAMS     |    25 | 126
      180 | JEFF        | SILVERSTONE  |    25 | 126
       24 | CAMERON     | STREEP       |    24 | 145
       33 | MILLA       | PECK         |    24 | 145
       46 | PARKER      | GOLDBERG     |    24 | 145
       47 | JULIA       | BARRYMORE    |    24 | 145
       75 | BURT        | POSEY        |    24 | 145
       77 | CARY        | MCCONAUGHEY  |    24 | 145
       89 | CHARLIZE    | DENCH        |    24 | 145
      100 | SPENCER     | DEPP         |    24 | 145
      116 | DAN         | STREEP       |    24 | 145
      138 | LUCILLE     | DEE          |    24 | 145
      170 | MENA        | HOPPER       |    24 | 145
      174 | MICHAEL     | BENING       |    24 | 145
      182 | DEBBIE      | AKROYD       |    24 | 145
      189 | CUBA        | BIRCH        |    24 | 145
       32 | TIM         | HACKMAN      |    23 | 159
       67 | JESSICA     | BAILEY       |    23 | 159
       70 | MICHELLE    | MCCONAUGHEY  |    23 | 159
       96 | GENE        | WILLIS       |    23 | 159
      126 | FRANCES     | TOMEI        |    23 | 159
      152 | BEN         | HARRIS       |    23 | 159
      178 | LISA        | MONROE       |    23 | 159
      193 | BURT        | TEMPLE       |    23 | 159
        3 | ED          | CHASE        |    22 | 167
        4 | JENNIFER    | DAVIS        |    22 | 167
       10 | CHRISTIAN   | GABLE        |    22 | 167
       18 | DAN         | TORN         |    22 | 167
      109 | SYLVESTER   | DERN         |    22 | 167
      132 | ADAM        | HOPPER       |    22 | 167
      134 | GENE        | HOPKINS      |    22 | 167
      156 | FAY         | WOOD         |    22 | 167
      166 | NICK        | DEGENERES    |    22 | 167
      194 | MERYL       | ALLEN        |    22 | 167
       25 | KEVIN       | BLOOM        |    21 | 177
       69 | KENNETH     | PALTROW      |    21 | 177
       87 | SPENCER     | PECK         |    21 | 177
      110 | SUSAN       | DAVIS        |    21 | 177
      163 | CHRISTOPHER | WEST         |    21 | 177
        6 | BETTE       | NICHOLSON    |    20 | 182
        8 | MATTHEW     | JOHANSSON    |    20 | 182
       55 | FAY         | KILMER       |    20 | 182
       88 | KENNETH     | PESCI        |    20 | 182
       91 | CHRISTOPHER | BERRY        |    20 | 182
      135 | RITA        | REYNOLDS     |    20 | 182
      153 | MINNIE      | KILMER       |    20 | 182
      160 | CHRIS       | DEPP         |    20 | 182
      200 | THORA       | TEMPLE       |    20 | 182
        1 | PENELOPE    | GUINESS      |    19 | 191
       30 | SANDRA      | PECK         |    19 | 191
       63 | CAMERON     | WRAY         |    19 | 191
      183 | RUSSELL     | CLOSE        |    19 | 191
       31 | SISSY       | SOBIESKI     |    18 | 195
       71 | ADAM        | GRANT        |    18 | 195
      186 | JULIA       | ZELLWEGER    |    16 | 197
       35 | JUDY        | DEAN         |    15 | 198
      199 | JULIA       | FAWCETT      |    15 | 198
      148 | EMILY       | DEE          |    14 | 200
(200 rows)

